<html>
<body>
<pre>
<h1>µVision Build Log</h1>
<h2>Tool Versions:</h2>
IDE-Version: ¦ÌVision V5.28.0.0
Copyright (C) 2019 ARM Ltd and ARM Germany GmbH. All rights reserved.
License Information: song song, song, LIC=76F5U-SIYHF-CXAU6-DB946-C0LQ4-5ANSI
 
Tool Versions:
Toolchain:       MDK-ARM Plus  Version: 5.28.0.0
Toolchain Path:  C:\Keil_v5\ARM\ARMCC\Bin
C Compiler:      Armcc.exe V5.06 update 6 (build 750)
Assembler:       Armasm.exe V5.06 update 6 (build 750)
Linker/Locator:  ArmLink.exe V5.06 update 6 (build 750)
Library Manager: ArmAr.exe V5.06 update 6 (build 750)
Hex Converter:   FromElf.exe V5.06 update 6 (build 750)
CPU DLL:         SARMCM3.DLL V5.28.0.0
Dialog DLL:      DCM.DLL V1.17.3.0
Target DLL:      STLink\ST-LINKIII-KEIL_SWO.dll V3.0.6.0
Dialog DLL:      TCM.DLL V1.36.2.0
 
<h2>Project:</h2>
D:\STM32\stm32_proj\LL_TEST_PROJ\MDK-ARM\LL_TEST_PROJ.uvprojx
Project File Date:  01/21/2022

<h2>Output:</h2>
*** Using Compiler 'V5.06 update 6 (build 750)', folder: 'C:\Keil_v5\ARM\ARMCC\Bin'
Build target 'LL_TEST_PROJ'
assembling startup_stm32f756xx.s...
compiling stm32f7xx_ll_gpio.c...
compiling stm32f7xx_ll_dma.c...
compiling usart.c...
compiling main.c...
compiling dma.c...
compiling stm32f7xx_it.c...
compiling gpio.c...
compiling system_stm32f7xx.c...
compiling stm32f7xx_ll_rcc.c...
compiling stm32f7xx_ll_exti.c...
compiling stm32f7xx_ll_usart.c...
compiling stm32f7xx_ll_utils.c...
linking...
Program Size: Code=3806 RO-data=522 RW-data=4 ZI-data=1636  
FromELF: creating hex file...
"LL_TEST_PROJ\LL_TEST_PROJ.axf" - 0 Error(s), 0 Warning(s).

<h2>Software Packages used:</h2>

Package Vendor: ARM
                http://www.keil.com/pack/ARM.CMSIS.5.5.1.pack
                ARM.CMSIS.5.5.1
                CMSIS (Cortex Microcontroller Software Interface Standard)
   * Component: CORE Version: 5.2.0

Package Vendor: Keil
                https://www.keil.com/pack/Keil.STM32F7xx_DFP.2.13.0.pack
                Keil.STM32F7xx_DFP.2.13.0
                STMicroelectronics STM32F7 Series Device Support, Drivers and Examples

<h2>Collection of Component include folders:</h2>
  .\RTE\_LL_TEST_PROJ
  C:\Users\songzhengfan\AppData\Local\Arm\Packs\ARM\CMSIS\5.5.1\CMSIS\Core\Include
  C:\Users\songzhengfan\AppData\Local\Arm\Packs\Keil\STM32F7xx_DFP\2.13.0\Drivers\CMSIS\Device\ST\STM32F7xx\Include

<h2>Collection of Component Files used:</h2>

   * Component: ARM::CMSIS:CORE:5.2.0
Build Time Elapsed:  00:00:13
</pre>
</body>
</html>
